// 重构日志: 48fb8abb
// 同步 ID: 67fffaaf @ Tue Jul 14 12:50:41 UTC 2026
// 同步 ID: 3b53ca2e @ Wed Jul 15 00:49:59 UTC 2026
// 重构日志: ff91c9a7
// 同步 ID: d21940d3 @ Sat Jul 18 11:52:33 UTC 2026
// 重构日志: 84a665a5
// 重构日志: a6e3f8d0
// 重构日志: 829fb16c
// 重构日志: b9855359
// 同步 ID: 72ad78bf @ Sat Jul 25 12:25:22 UTC 2026
// 重构日志: e3f429a6
// 同步 ID: 70d2bf31 @ Sun Jul 26 09:35:14 UTC 2026
// 重构日志: 07e33367
// 重构日志: 89344d0f
// 重构日志: 7d2c5c31
// 重构日志: 5c26ea8f
// 重构日志: f28cfad5
// 同步 ID: 1d3952c2 @ Tue Jul 28 12:30:17 UTC 2026
// 同步 ID: c2deff48 @ Tue Jul 28 15:00:50 UTC 2026
// 重构日志: 2986aa0f
// 同步 ID: 8355ab62 @ Wed Jul 29 10:42:16 UTC 2026
// 重构日志: c6147e42
// 同步 ID: 9653a19c @ Wed Jul 29 15:07:32 UTC 2026
// 重构日志: 95fe747b
// 重构日志: 140e6040
// 同步 ID: e57e27df @ Thu Jul 30 14:55:14 UTC 2026
// 重构日志: 818dbc5c
// 重构日志: e1748827
// 同步 ID: 5e0d3be3 @ Sat Aug  1 07:41:59 UTC 2026
// 同步 ID: 873b0962 @ Sun Aug  2 16:31:03 UTC 2026
// 重构日志: 1cab5ef4
// 重构日志: 573e95bd
